
  Memory.Wiki QuickLook Extension — Build + Notarize
  =============================================

  [1/5] Cleaning previous build...
  [2/5] Building MdfyQuickLook.app + QuickLook extension...
    cd /Users/hyunsangcho/Desktop/Projects/mdcore/apps/quicklook/MdfyQuickLook
    /System/Library/Frameworks/CoreServices.framework/Versions/Current/Frameworks/LaunchServices.framework/Versions/Current/Support/lsregister -f -R -trusted /Users/hyunsangcho/Desktop/Projects/mdcore/apps/quicklook/MdfyQuickLook/build/DerivedData/Build/Products/Release/MdfyQuickLook.app

** BUILD SUCCEEDED **

  [3/5] Copying to build directory...
  [4/5] Signing with Developer ID + hardened runtime...
/Users/hyunsangcho/Desktop/Projects/mdcore/apps/quicklook/MdfyQuickLook/build/MdfyQuickLook.app/Contents/PlugIns/MdfyQLExtension.appex: replacing existing signature
/Users/hyunsangcho/Desktop/Projects/mdcore/apps/quicklook/MdfyQuickLook/build/MdfyQuickLook.app: replacing existing signature
  Signature verified.
  [5/5] Notarizing with Apple...
Conducting pre-submission checks for MdfyQuickLook.zip and initiating connection to the Apple notary service...
Submission ID received
  id: bbd189cb-3408-492a-a638-3bd0dd742f17
Successfully uploaded file
  id: bbd189cb-3408-492a-a638-3bd0dd742f17
  path: /Users/hyunsangcho/Desktop/Projects/mdcore/apps/quicklook/MdfyQuickLook/build/MdfyQuickLook.zip
Waiting for processing to complete.
Current status: In Progress...Current status: In Progress....Current status: Accepted.....Processing complete
  id: bbd189cb-3408-492a-a638-3bd0dd742f17
  status: Accepted

  Notarization accepted!
Processing: /Users/hyunsangcho/Desktop/Projects/mdcore/apps/quicklook/MdfyQuickLook/build/MdfyQuickLook.app
Processing: /Users/hyunsangcho/Desktop/Projects/mdcore/apps/quicklook/MdfyQuickLook/build/MdfyQuickLook.app
The staple and validate action worked!

  Build + notarize complete!
  Output: /Users/hyunsangcho/Desktop/Projects/mdcore/apps/quicklook/MdfyQuickLook/build/MdfyQuickLook.zip

  To install:
    unzip MdfyQuickLook.zip
    cp -R MdfyQuickLook.app ~/Applications/
    open ~/Applications/MdfyQuickLook.app

